Microchip MPLAB XC8 Compiler V2.36

Linker command line:

-W-3 --edf=C:\Program Files\Microchip\xc8\v2.36\pic\dat\en_msgs.txt -cn \
  -h+dist/default/production\2.X.production.sym \
  --cmf=dist/default/production\2.X.production.cmf -z -Q16F877A \
  -oC:\Users\TIMURL~1\AppData\Local\Temp\xcAsq9k.4 --defsym=__MPLAB_BUILD=1 \
  -Mdist/default/production/2.X.production.map \
  --md=C:\Users\TIMURL~1\AppData\Local\Temp\xcAsq9k.dat -E1 \
  -ver=XC8 Compiler --acfsm=1493 -ACODE=00h-07FFhx4 -ASTRCODE=00h-01FFFh \
  -ASTRING=00h-0FFhx32 -ACONST=00h-0FFhx32 -AENTRY=00h-0FFhx32 \
  -ACOMMON=070h-07Fh -ABANK0=020h-06Fh -ABANK1=0A0h-0EFh \
  -ABANK2=0110h-016Fh -ABANK3=0190h-01EFh \
  -ARAM=020h-06Fh,0A0h-0EFh,0110h-016Fh,0190h-01EFh \
  -AABS1=020h-07Fh,0A0h-0EFh,0110h-016Fh,0190h-01EFh -ASFR0=00h-01Fh \
  -ASFR1=080h-09Fh -ASFR2=0100h-010Fh -ASFR3=0180h-018Fh \
  -ACONFIG=02007h-02007h -DCONFIG=2 -AIDLOC=02000h-02003h -DIDLOC=2 \
  -AEEDATA=00h-0FFh/02100h -peeprom_data=EEDATA -DEEDATA=2 -DCODE=2 \
  -DSTRCODE=2 -DSTRING=2 -DCONST=2 -DENTRY=2 \
  -preset_vec=00h,intentry,init,end_init -ppowerup=CODE -pcinit=CODE \
  -pfunctab=ENTRY -k C:\Users\TIMURL~1\AppData\Local\Temp\xcAsq9k.o \
  dist/default/production\2.X.production.o 

Object code version is 3.11

Machine type is 16F877A



                Name                               Link     Load   Length Selector   Space Scale
C:\Users\TIMURL~1\AppData\Local\Temp\xcAsq9k.o
                end_init                              0        0        3        0       0
                config                             2007     2007        1        0       4
                idloc                              2000     2000        4        0       5
dist/default/production\2.X.production.o
                cinit                               7B2      7B2       4E      F64       0
                config                             2007     2007        1        0       4
                idloc                              2000     2000        4        0       5
                text4                               64A      64A       26      C94       0
                text3                               613      613        1      C26       0
                text2                               628      628        F      C50       0
                text1                               6C9      6C9       E9      D92       0
                maintext                            670      670       59      CE0       0
                cstackCOMMON                         7A       7A        4       70       1
                inittext                            637      637       13      C6E       0
                dataBANK0                            20       20        A       20       1
                dataCOMMON                           70       70        A       70       1
                strings                               3        3       1A        6       0
                idataBANK0                          614      614        A      C28       0
                idataCOMMON                         61E      61E        A      C3C       0

TOTAL           Name                               Link     Load   Length     Space
        CLASS   CODE           
                end_init                              0        0        3         0
                cinit                               7B2      7B2       4E         0
                text4                               64A      64A       26         0
                text3                               613      613        1         0
                text2                               628      628        F         0
                text1                               6C9      6C9       E9         0
                maintext                            670      670       59         0
                inittext                            637      637       13         0
                idataBANK0                          614      614        A         0
                idataCOMMON                         61E      61E        A         0

        CLASS   STRCODE        

        CLASS   STRING         
                strings                               3        3       1A         0

        CLASS   CONST          

        CLASS   ENTRY          

        CLASS   COMMON         
                cstackCOMMON                         7A       7A        4         1
                dataCOMMON                           70       70        A         1

        CLASS   BANK0          
                dataBANK0                            20       20        A         1

        CLASS   BANK1          

        CLASS   BANK2          

        CLASS   BANK3          

        CLASS   RAM            

        CLASS   ABS1           
                abs_s1                               7E       7E        2         1

        CLASS   SFR0           

        CLASS   SFR1           

        CLASS   SFR2           

        CLASS   SFR3           

        CLASS   CONFIG         
                config                             2007     2007        1         4

        CLASS   IDLOC          
                idloc                              2000     2000        4         5

        CLASS   EEDATA         

        CLASS   STACK          



SEGMENTS        Name                           Load    Length   Top    Selector   Space  Class     Delta

                reset_vec                      000000  000003  000003         0       0  CODE        2
                strings                        000003  00001A  00001D         6       0  STRING      2
                dataBANK0                      000020  00000A  00002A        20       1  BANK0       1
                dataCOMMON                     000070  00000E  00007E        70       1  COMMON      1
                text3                          000613  000001  000614       C26       0  CODE        2
                idataBANK0                     000614  00000A  00061E       C28       0  CODE        2
                idataCOMMON                    00061E  00000A  000628       C3C       0  CODE        2
                text2                          000628  00000F  000637       C50       0  CODE        2
                inittext                       000637  000013  00064A       C6E       0  CODE        2
                text4                          00064A  000026  000670       C94       0  CODE        2
                maintext                       000670  000059  0006C9       CE0       0  CODE        2
                text1                          0006C9  0000E9  0007B2       D92       0  CODE        2
                cinit                          0007B2  00004E  000800       F64       0  CODE        2


UNUSED ADDRESS RANGES

        Name                Unused          Largest block    Delta
        BANK0            002A-006F             46           1
        BANK1            00A0-00EF             50           1
        BANK2            0110-016F             60           1
        BANK3            0190-01EF             60           1
        CODE             001D-0612            5F6           2
                         0800-1FFF            800
        CONST            001D-0612            100           2
                         0800-1FFF            100
        EEDATA           2100-21FF            100           2
        ENTRY            001D-0612            100           2
                         0800-1FFF            100
        RAM              002A-006F             46           1
                         00A0-00EF             50
                         0110-016F             60
                         0190-01EF             60
        SFR0             0000-001F             20           1
        SFR1             0080-009F             20           1
        SFR2             0100-010F             10           1
        SFR3             0180-018F             10           1
        STRCODE          001D-0612            5F6           2
                         0800-1FFF           1800
        STRING           001D-0612            100           2
                         0800-1FFF            100

                                  Symbol Table

__Habs1                       abs1         0000
__Hbank0                      bank0        0000
__Hbank1                      bank1        0000
__Hbank2                      bank2        0000
__Hbank3                      bank3        0000
__Hcinit                      cinit        0800
__Hclrtext                    clrtext      0000
__Hcode                       code         0000
__Hcommon                     common       0000
__Hconfig                     config       2008
__HcstackCOMMON               cstackCOMMON 0000
__HdataBANK0                  dataBANK0    0000
__HdataCOMMON                 dataCOMMON   0000
__Heeprom_data                eeprom_data  0000
__Hend_init                   end_init     0003
__Hfunctab                    functab      0000
__HidataBANK0                 idataBANK0   0000
__HidataCOMMON                idataCOMMON  0000
__Hidloc                      idloc        2004
__Hinit                       init         0000
__Hinittext                   inittext     0000
__Hintentry                   intentry     0000
__Hmaintext                   maintext     0000
__Hpowerup                    powerup      0000
__Hram                        ram          0000
__Hreset_vec                  reset_vec    0000
__Hsfr0                       sfr0         0000
__Hsfr1                       sfr1         0000
__Hsfr2                       sfr2         0000
__Hsfr3                       sfr3         0000
__Hspace_0                    (abs)        0800
__Hspace_1                    (abs)        007E
__Hspace_2                    (abs)        0000
__Hspace_3                    (abs)        0000
__Hspace_4                    (abs)        400F
__Hstack                      stack        0000
__Hstrings                    strings      0000
__Htext                       text         0000
__Labs1                       abs1         0000
__Lbank0                      bank0        0000
__Lbank1                      bank1        0000
__Lbank2                      bank2        0000
__Lbank3                      bank3        0000
__Lcinit                      cinit        07B2
__Lclrtext                    clrtext      0000
__Lcode                       code         0000
__Lcommon                     common       0000
__Lconfig                     config       0000
__LcstackCOMMON               cstackCOMMON 0000
__LdataBANK0                  dataBANK0    0000
__LdataCOMMON                 dataCOMMON   0000
__Leeprom_data                eeprom_data  0000
__Lend_init                   end_init     0000
__Lfunctab                    functab      0000
__LidataBANK0                 idataBANK0   0000
__LidataCOMMON                idataCOMMON  0000
__Lidloc                      idloc        0000
__Linit                       init         0000
__Linittext                   inittext     0000
__Lintentry                   intentry     0000
__Lmaintext                   maintext     0000
__Lpowerup                    powerup      0000
__Lram                        ram          0000
__Lreset_vec                  reset_vec    0000
__Lsfr0                       sfr0         0000
__Lsfr1                       sfr1         0000
__Lsfr2                       sfr2         0000
__Lsfr3                       sfr3         0000
__Lspace_0                    (abs)        0000
__Lspace_1                    (abs)        0000
__Lspace_2                    (abs)        0000
__Lspace_3                    (abs)        0000
__Lspace_4                    (abs)        0000
__Lstack                      stack        0000
__Lstrings                    strings      0000
__Ltext                       text         0000
__S0                          (abs)        0800
__S1                          (abs)        007E
__S3                          (abs)        0000
___int_sp                     stack        0000
___latbits                    (abs)        0002
___sp                         stack        0000
___stackhi                    (abs)        0000
___stacklo                    (abs)        0000
__end_of__initialization      cinit        07FC
__end_of__my_PORTA            strings      001B
__end_of__my_PORTB            strings      0017
__end_of__my_PORTC            strings      0013
__end_of__my_PORTD            strings      000F
__end_of__my_PORTE            strings      000B
__end_of__my_TRISA            strings      001D
__end_of__my_TRISB            strings      0019
__end_of__my_TRISC            strings      0015
__end_of__my_TRISD            strings      0011
__end_of__my_TRISE            strings      000D
__end_of__stringtab           strings      0009
__end_of_flip_flop_func       text4        0670
__end_of_init_config_settings text3        0614
__end_of_main                 maintext     06C9
__end_of_set_all_ports        text2        0637
__end_of_walking_lights_func  text1        07B2
__initialization              cinit        07B2
__pcstackCOMMON               cstackCOMMON 007A
__pdataBANK0                  dataBANK0    0020
__pdataCOMMON                 dataCOMMON   0070
__pidataBANK0                 idataBANK0   0614
__pidataCOMMON                idataCOMMON  061E
__pmaintext                   maintext     0670
__pstrings                    strings      0003
__ptext1                      text1        06C9
__ptext2                      text2        0628
__ptext3                      text3        0613
__ptext4                      text4        064A
__stringbase                  strings      0008
__stringtab                   strings      0003
_flip_flop_func               text4        064A
_init_config_settings         text3        0613
_main                         maintext     0670
_set_all_ports                text2        0628
_walking_lights_func          text1        06C9
btemp                         (abs)        007E
end_of_initialization         cinit        07FC
init_fetch0                   inittext     0637
init_ram0                     inittext     063B
intlevel0                     functab      0000
intlevel1                     functab      0000
intlevel2                     functab      0000
intlevel3                     functab      0000
intlevel4                     functab      0000
intlevel5                     functab      0000
main@c                        cstackCOMMON 007C
reset_vec                     reset_vec    0000
start                         init         0000
start_initialization          cinit        07B2
wtemp0                        (abs)        007E


MODULE INFORMATION

Module		Function		Class		Link	Load	Size
configration.c
		_walking_lights_func		CODE           	06C9	0000	233
		_flip_flop_func		CODE           	064A	0000	38
		_init_config_settings		CODE           	0613	0000	1
		_set_all_ports 		CODE           	0628	0000	15

configration.c estimated size: 287

shared
		__stringtab    		STRING         	0003	0000	6
		__my_PORTA     		STRING         	0000	0000	0
		__my_PORTB     		STRING         	0000	0000	0
		__my_PORTC     		STRING         	0000	0000	0
		__my_PORTD     		STRING         	0000	0000	0
		__my_PORTE     		STRING         	0000	0000	0
		__initialization		CODE           	07B2	0000	74
		__my_TRISA     		STRING         	0000	0000	0
		__my_TRISB     		STRING         	0000	0000	0
		__my_TRISC     		STRING         	0000	0000	0
		__my_TRISD     		STRING         	0000	0000	0
		__my_TRISE     		STRING         	0000	0000	0

shared estimated size: 80

main.c
		_main          		CODE           	0670	0000	89

main.c estimated size: 89

